// Jest Snapshot v1, https://goo.gl/fbAQLP

exports[`AuthLayout should match snapshot 1`] = `
<div>
  <div
    class="css-1sall7q"
  >
    <h1
      class="chakra-heading css-jouhmg"
    >
      <a
        href="/"
      >
        NorthStar
      </a>
    </h1>
    <div
      class="css-32spr2"
    >
      <div>
        Children component
      </div>
    </div>
  </div>
</div>
`;
