// Jest Snapshot v1, https://goo.gl/fbAQLP

exports[`Counter component should match snapshot for Counter 1`] = `
<div>
  <div
    class="css-6myvwv"
  >
    <button
      aria-label="minus-btn"
      class="chakra-button css-22uwrg"
      data-testid="minus-btn"
      type="button"
    >
      <svg
        class="chakra-icon css-11up8ym"
        focusable="false"
        viewBox="0 0 24 24"
      >
        <g
          fill="currentColor"
        >
          <rect
            height="4"
            width="20"
            x="2"
            y="10"
          />
        </g>
      </svg>
    </button>
    <div
      class="css-ocfx7j"
    >
      <span
        class="chakra-text css-1vec9xb"
      >
        2
      </span>
    </div>
    <button
      aria-label="increment-btn"
      class="chakra-button css-22uwrg"
      data-testid="increment-btn"
      type="button"
    >
      <svg
        class="chakra-icon css-11up8ym"
        focusable="false"
        viewBox="0 0 24 24"
      >
        <path
          d="M0,12a1.5,1.5,0,0,0,1.5,1.5h8.75a.25.25,0,0,1,.25.25V22.5a1.5,1.5,0,0,0,3,0V13.75a.25.25,0,0,1,.25-.25H22.5a1.5,1.5,0,0,0,0-3H13.75a.25.25,0,0,1-.25-.25V1.5a1.5,1.5,0,0,0-3,0v8.75a.25.25,0,0,1-.25.25H1.5A1.5,1.5,0,0,0,0,12Z"
          fill="currentColor"
        />
      </svg>
    </button>
  </div>
</div>
`;
