// Jest Snapshot v1, https://goo.gl/fbAQLP

exports[`SearchInput component should match snapshot for SearchInput 1`] = `
<div>
  <div
    class="chakra-input__group css-bx0blc"
    data-group="true"
  >
    <input
      aria-label="Product Search"
      class="chakra-input css-1ms85xl"
      placeholder="Search Here...."
      value="abc"
    />
    <div
      class="chakra-input__right-element css-1gz66tq"
    >
      <svg
        class="chakra-icon css-g7h3az"
        focusable="false"
        viewBox="0 0 24 24"
        xmlns="http://www.w3.org/2000/svg"
      >
        <g
          clip-path="url(#clip0_590_644)"
        >
          <path
            d="M11 2C15.968 2 20 6.032 20 11C20 15.968 15.968 20 11 20C6.032 20 2 15.968 2 11C2 6.032 6.032 2 11 2ZM11 18C14.867 18 18 14.867 18 11C18 7.132 14.867 4 11 4C7.132 4 4 7.132 4 11C4 14.867 7.132 18 11 18ZM19.485 18.071L22.314 20.899L20.899 22.314L18.071 19.485L19.485 18.071Z"
            fill="#FF5B19"
          />
        </g>
        <clippath
          id="clip0_590_644"
        >
          <rect
            fill="white"
            height="24"
            width="24"
          />
        </clippath>
      </svg>
    </div>
  </div>
</div>
`;
