// Jest Snapshot v1, https://goo.gl/fbAQLP

exports[`SkeletonAddCartAction component should match snapshot 1`] = `
<div>
  <div
    class="chakra-skeleton css-axgwne"
  />
  <div
    class="chakra-skeleton css-1lw11jq"
  />
</div>
`;

exports[`SkeletonAddCartAction component should match snapshot for SkeletonProductCategories 1`] = `
<div>
  <div
    class="chakra-skeleton css-axgwne"
  />
  <div
    class="chakra-skeleton css-1lw11jq"
  />
</div>
`;
