// Jest Snapshot v1, https://goo.gl/fbAQLP

exports[`SkeletonProductList component should match snapshot for SkeletonProductList 1`] = `
<div>
  <div
    class="css-fc3ct1"
  >
    <div
      class="css-1gvp5h0"
    >
      <div
        class="chakra-skeleton css-12c9fmn"
      />
    </div>
    <div
      class="css-1gvp5h0"
    >
      <div
        class="chakra-skeleton css-12c9fmn"
      />
    </div>
    <div
      class="css-1gvp5h0"
    >
      <div
        class="chakra-skeleton css-12c9fmn"
      />
    </div>
    <div
      class="css-1gvp5h0"
    >
      <div
        class="chakra-skeleton css-12c9fmn"
      />
    </div>
    <div
      class="css-1gvp5h0"
    >
      <div
        class="chakra-skeleton css-12c9fmn"
      />
    </div>
    <div
      class="css-1gvp5h0"
    >
      <div
        class="chakra-skeleton css-12c9fmn"
      />
    </div>
    <div
      class="css-1gvp5h0"
    >
      <div
        class="chakra-skeleton css-12c9fmn"
      />
    </div>
    <div
      class="css-1gvp5h0"
    >
      <div
        class="chakra-skeleton css-12c9fmn"
      />
    </div>
  </div>
</div>
`;
